0 verbose cli /usr/local/bin/node /usr/local/lib/node_modules/npm/bin/npm-cli.js
1 info using npm@11.17.0
2 info using node@v24.19.0
3 silly config load:file:/usr/local/lib/node_modules/npm/npmrc
4 silly config load:file:/Users/deepesh/Downloads/Projects/trendify/.npmrc
5 silly config load:file:/Users/deepesh/.npmrc
6 silly config load:file:/usr/local/etc/npmrc
7 verbose title npm exec create-next-app@latest ./ --typescript --tailwind --eslint --app --src-dir --use-npm --import-alias @/*
8 verbose argv "exec" "--yes" "--" "create-next-app@latest" "./" "--typescript" "--tailwind" "--eslint" "--app" "--src-dir" "--use-npm" "--import-alias" "@/*"
9 verbose logfile logs-max:10 dir:/Users/deepesh/Downloads/Projects/trendify/.npm-cache/_logs/2026-08-22T15_49_16_811Z-
10 verbose logfile /Users/deepesh/Downloads/Projects/trendify/.npm-cache/_logs/2026-08-22T15_49_16_811Z-debug-0.log
11 silly logfile done cleaning log files
12 silly packumentCache heap:4496293888 maxSize:1124073472 maxEntrySize:562036736
13 http fetch GET 200 https://registry.npmjs.org/npm 472ms
14 http fetch GET 200 https://registry.npmjs.org/create-next-app 695ms (cache miss)
15 silly packumentCache heap:4496293888 maxSize:1124073472 maxEntrySize:562036736
16 silly packumentCache heap:4496293888 maxSize:1124073472 maxEntrySize:562036736
17 silly idealTree buildDeps
18 silly fetch manifest create-next-app@16.3.2
19 silly packumentCache full:https://registry.npmjs.org/create-next-app cache-miss
20 http fetch GET 200 https://registry.npmjs.org/create-next-app 822ms (cache miss)
21 silly packumentCache full:https://registry.npmjs.org/create-next-app set size:undefined disposed:false
22 silly placeDep ROOT create-next-app@16.3.2 OK for:  want: 16.3.2
23 silly reify moves {}
24 silly audit bulk request { 'create-next-app': [ '16.3.2' ] }
25 http cache create-next-app@https://registry.npmjs.org/create-next-app/-/create-next-app-16.3.2.tgz 0ms (cache hit)
26 silly tarball no local data for create-next-app@https://registry.npmjs.org/create-next-app/-/create-next-app-16.3.2.tgz. Extracting by manifest.
27 http fetch GET 200 https://registry.npmjs.org/create-next-app/-/create-next-app-16.3.2.tgz 238ms (cache miss)
28 http fetch POST 200 https://registry.npmjs.org/-/npm/v1/security/advisories/bulk 506ms
29 silly audit report {}
30 verbose cwd /Users/deepesh/Downloads/Projects/trendify
31 verbose os Darwin 25.6.0
32 verbose node v24.19.0
33 verbose npm  v11.17.0
34 notice
34 notice New major version of npm available! 11.17.0 -> 12.0.2
34 notice Changelog: https://github.com/npm/cli/releases/tag/v12.0.2
34 notice To update run: npm install -g npm@12.0.2
34 notice  { force: true, Symbol(proc-log.meta): true }
35 verbose exit 1
36 verbose code 1
